[tree1]
root = .
revision = tip

[tree1.paths]
default = ssh://mercurial@dev.integry.net/livecart

[tree2]
root = framework
revision = tip

[tree2.paths]
default = ssh://mercurial@dev.integry.net/framework

[tree3]
root = library/I18Nv2
revision = tip

[tree3.paths]
default = ssh://mercurial@dev.integry.net/vendor/I18Nv2

[tree4]
root = library/activerecord
revision = tip

[tree4.paths]
default = ssh://mercurial@dev.integry.net/activerecord

[tree5]
root = library/creole
revision = tip

[tree5.paths]
default = ssh://mercurial@dev.integry.net/vendor/creole

[tree6]
root = library/locale
revision = tip

[tree6.paths]
default = ssh://mercurial@dev.integry.net/livecart\library\locale

[tree7]
root = library/smarty
revision = tip

[tree7.paths]
default = ssh://mercurial@dev.integry.net/vendor/smarty

[tree8]
root = library/stat
revision = tip

[tree8.paths]
default = ssh://mercurial@dev.integry.net/livecart\library\stat

[tree9]
root = library/swiftmailer
revision = tip

[tree9.paths]
default = ssh://mercurial@dev.integry.net/vendor/swiftmailer

[tree10]
root = library/unittest
revision = tip

[tree10.paths]
default = ssh://mercurial@dev.integry.net/livecart\library\unittest

[tree11]
root = public/javascript/library/dhtmlxtree
revision = tip

[tree11.paths]
default = ssh://mercurial@dev.integry.net/vendor/dhtmlxtree

[tree12]
root = public/javascript/library/editarea
revision = tip

[tree12.paths]
default = ssh://mercurial@dev.integry.net/vendor/editarea

[tree13]
root = public/javascript/library/prototype
revision = tip

[tree13.paths]
default = ssh://mercurial@dev.integry.net/vendor/prototype

[tree14]
root = public/javascript/library/rico
revision = tip

[tree14.paths]
default = ssh://mercurial@dev.integry.net/vendor/rico

[tree15]
root = public/javascript/library/scriptaculous
revision = tip

[tree15.paths]
default = ssh://mercurial@dev.integry.net/vendor/scriptaculous

[tree16]
root = public/javascript/library/tinymce
revision = tip

[tree16.paths]
default = ssh://mercurial@dev.integry.net/vendor/tinymce

[tree17]
root = library/json
revision = tip

[tree17.paths]
default = ssh://mercurial@dev.integry.net/vendor/json

[tree18]
root = library/payment/method/library/paypal/phppaypalpro
revision = tip

[tree18.paths]
default = ssh://mercurial@dev.integry.net/vendor/phppaypalpro